

================================================================
== Vitis HLS Report for 'aes_encrypt_Pipeline_1'
================================================================
* Date:           Tue Aug 11 14:22:16 2026

* Version:        2025.2 (Build 6295257 on Nov 14 2025)
* Project:        key_expanded
* Solution:       hls (Vitis Kernel Flow Target)
* Product family: zynquplus
* Target device:  xck26-sfvc784-2LV-c


================================================================
== Performance Estimates
================================================================
+ Timing: 
    * Summary: 
    +--------+----------+----------+------------+
    |  Clock |  Target  | Estimated| Uncertainty|
    +--------+----------+----------+------------+
    |ap_clk  |  10.00 ns|  1.216 ns|     2.70 ns|
    +--------+----------+----------+------------+

+ Latency: 
    * Summary: 
    +---------+---------+----------+----------+-----+-----+-------------------+
    |  Latency (cycles) |  Latency (absolute) |  Interval |      Pipeline     |
    |   min   |   max   |    min   |    max   | min | max |        Type       |
    +---------+---------+----------+----------+-----+-----+-------------------+
    |       34|       34|  0.340 us|  0.340 us|    0|    0|  loop pipeline stp|
    +---------+---------+----------+----------+-----+-----+-------------------+

    + Detail: 
        * Instance: 
        N/A

        * Loop: 
        +----------+---------+---------+----------+-----------+-----------+------+----------+
        |          |  Latency (cycles) | Iteration|  Initiation Interval  | Trip |          |
        | Loop Name|   min   |   max   |  Latency |  achieved |   target  | Count| Pipelined|
        +----------+---------+---------+----------+-----------+-----------+------+----------+
        |- Loop 1  |       32|       32|         1|          1|          1|    32|       yes|
        +----------+---------+---------+----------+-----------+-----------+------+----------+



================================================================
== Utilization Estimates
================================================================
* Summary: 
+-----------------+---------+------+--------+--------+-----+
|       Name      | BRAM_18K|  DSP |   FF   |   LUT  | URAM|
+-----------------+---------+------+--------+--------+-----+
|DSP              |        -|     -|       -|       -|    -|
|Expression       |        -|     -|       0|      93|    -|
|FIFO             |        -|     -|       -|       -|    -|
|Instance         |        -|     -|       -|       -|    -|
|Memory           |        -|     -|       -|       -|    -|
|Multiplexer      |        -|     -|       0|     324|    -|
|Register         |        -|     -|     265|       -|    -|
+-----------------+---------+------+--------+--------+-----+
|Total            |        0|     0|     265|     417|    0|
+-----------------+---------+------+--------+--------+-----+
|Available        |      288|  1248|  234240|  117120|   64|
+-----------------+---------+------+--------+--------+-----+
|Utilization (%)  |        0|     0|      ~0|      ~0|    0|
+-----------------+---------+------+--------+--------+-----+

+ Detail: 
    * Instance: 
    N/A

    * DSP: 
    N/A

    * Memory: 
    N/A

    * FIFO: 
    N/A

    * Expression: 
    +--------------------------+----------+----+---+----+------------+------------+
    |       Variable Name      | Operation| DSP| FF| LUT| Bitwidth P0| Bitwidth P1|
    +--------------------------+----------+----+---+----+------------+------------+
    |empty_fu_383_p2           |         +|   0|  0|  13|           6|           1|
    |ap_condition_389          |       and|   0|  0|   2|           1|           1|
    |ap_condition_392          |       and|   0|  0|   2|           1|           1|
    |ap_condition_395          |       and|   0|  0|   2|           1|           1|
    |ap_condition_398          |       and|   0|  0|   2|           1|           1|
    |ap_condition_401          |       and|   0|  0|   2|           1|           1|
    |ap_condition_404          |       and|   0|  0|   2|           1|           1|
    |ap_condition_407          |       and|   0|  0|   2|           1|           1|
    |ap_condition_410          |       and|   0|  0|   2|           1|           1|
    |ap_condition_413          |       and|   0|  0|   2|           1|           1|
    |ap_condition_416          |       and|   0|  0|   2|           1|           1|
    |ap_condition_419          |       and|   0|  0|   2|           1|           1|
    |ap_condition_422          |       and|   0|  0|   2|           1|           1|
    |ap_condition_425          |       and|   0|  0|   2|           1|           1|
    |ap_condition_428          |       and|   0|  0|   2|           1|           1|
    |ap_condition_431          |       and|   0|  0|   2|           1|           1|
    |ap_condition_434          |       and|   0|  0|   2|           1|           1|
    |ap_condition_437          |       and|   0|  0|   2|           1|           1|
    |ap_condition_440          |       and|   0|  0|   2|           1|           1|
    |ap_condition_443          |       and|   0|  0|   2|           1|           1|
    |ap_condition_446          |       and|   0|  0|   2|           1|           1|
    |ap_condition_449          |       and|   0|  0|   2|           1|           1|
    |ap_condition_452          |       and|   0|  0|   2|           1|           1|
    |ap_condition_455          |       and|   0|  0|   2|           1|           1|
    |ap_condition_458          |       and|   0|  0|   2|           1|           1|
    |ap_condition_461          |       and|   0|  0|   2|           1|           1|
    |ap_condition_464          |       and|   0|  0|   2|           1|           1|
    |ap_condition_467          |       and|   0|  0|   2|           1|           1|
    |ap_condition_470          |       and|   0|  0|   2|           1|           1|
    |ap_condition_473          |       and|   0|  0|   2|           1|           1|
    |ap_condition_476          |       and|   0|  0|   2|           1|           1|
    |ap_condition_479          |       and|   0|  0|   2|           1|           1|
    |ap_condition_482          |       and|   0|  0|   2|           1|           1|
    |exitcond787135_fu_377_p2  |      icmp|   0|  0|  14|           6|           7|
    |ap_enable_pp0             |       xor|   0|  0|   2|           1|           2|
    +--------------------------+----------+----+---+----+------------+------------+
    |Total                     |          |   0|  0|  93|          45|          42|
    +--------------------------+----------+----+---+----+------------+------------+

    * Multiplexer: 
    +-------------------------+----+-----------+-----+-----------+
    |           Name          | LUT| Input Size| Bits| Total Bits|
    +-------------------------+----+-----------+-----+-----------+
    |ap_done_int              |   9|          2|    1|          2|
    |ap_enable_reg_pp0_iter1  |   9|          2|    1|          2|
    |loop_index303_fu_162     |   9|          2|    6|         12|
    |roundKeys_10_out         |   9|          2|    8|         16|
    |roundKeys_11_out         |   9|          2|    8|         16|
    |roundKeys_12_out         |   9|          2|    8|         16|
    |roundKeys_13_out         |   9|          2|    8|         16|
    |roundKeys_14_out         |   9|          2|    8|         16|
    |roundKeys_15_out         |   9|          2|    8|         16|
    |roundKeys_16_out         |   9|          2|    8|         16|
    |roundKeys_17_out         |   9|          2|    8|         16|
    |roundKeys_18_out         |   9|          2|    8|         16|
    |roundKeys_19_out         |   9|          2|    8|         16|
    |roundKeys_1_out          |   9|          2|    8|         16|
    |roundKeys_20_out         |   9|          2|    8|         16|
    |roundKeys_21_out         |   9|          2|    8|         16|
    |roundKeys_22_out         |   9|          2|    8|         16|
    |roundKeys_23_out         |   9|          2|    8|         16|
    |roundKeys_24_out         |   9|          2|    8|         16|
    |roundKeys_25_out         |   9|          2|    8|         16|
    |roundKeys_26_out         |   9|          2|    8|         16|
    |roundKeys_27_out         |   9|          2|    8|         16|
    |roundKeys_28_out         |   9|          2|    8|         16|
    |roundKeys_29_out         |   9|          2|    8|         16|
    |roundKeys_2_out          |   9|          2|    8|         16|
    |roundKeys_30_out         |   9|          2|    8|         16|
    |roundKeys_31_out         |   9|          2|    8|         16|
    |roundKeys_3_out          |   9|          2|    8|         16|
    |roundKeys_4_out          |   9|          2|    8|         16|
    |roundKeys_5_out          |   9|          2|    8|         16|
    |roundKeys_6_out          |   9|          2|    8|         16|
    |roundKeys_7_out          |   9|          2|    8|         16|
    |roundKeys_8_out          |   9|          2|    8|         16|
    |roundKeys_9_out          |   9|          2|    8|         16|
    |roundKeys_out            |   9|          2|    8|         16|
    |shiftreg1341_fu_158      |   9|          2|  256|        512|
    +-------------------------+----+-----------+-----+-----------+
    |Total                    | 324|         72|  520|       1040|
    +-------------------------+----+-----------+-----+-----------+

    * Register: 
    +-------------------------+-----+----+-----+-----------+
    |           Name          |  FF | LUT| Bits| Const Bits|
    +-------------------------+-----+----+-----+-----------+
    |ap_CS_fsm                |    1|   0|    1|          0|
    |ap_done_reg              |    1|   0|    1|          0|
    |ap_enable_reg_pp0_iter1  |    1|   0|    1|          0|
    |loop_index303_fu_162     |    6|   0|    6|          0|
    |shiftreg1341_fu_158      |  256|   0|  256|          0|
    +-------------------------+-----+----+-----+-----------+
    |Total                    |  265|   0|  265|          0|
    +-------------------------+-----+----+-----+-----------+



================================================================
== Interface
================================================================
* Summary: 
+-------------------------+-----+-----+------------+------------------------+--------------+
|        RTL Ports        | Dir | Bits|  Protocol  |      Source Object     |    C Type    |
+-------------------------+-----+-----+------------+------------------------+--------------+
|ap_clk                   |   in|    1|  ap_ctrl_hs|  aes_encrypt_Pipeline_1|  return value|
|ap_rst                   |   in|    1|  ap_ctrl_hs|  aes_encrypt_Pipeline_1|  return value|
|ap_start                 |   in|    1|  ap_ctrl_hs|  aes_encrypt_Pipeline_1|  return value|
|ap_done                  |  out|    1|  ap_ctrl_hs|  aes_encrypt_Pipeline_1|  return value|
|ap_idle                  |  out|    1|  ap_ctrl_hs|  aes_encrypt_Pipeline_1|  return value|
|ap_ready                 |  out|    1|  ap_ctrl_hs|  aes_encrypt_Pipeline_1|  return value|
|gmem_load                |   in|  256|     ap_none|               gmem_load|        scalar|
|roundKeys_out            |  out|    8|      ap_vld|           roundKeys_out|       pointer|
|roundKeys_out_ap_vld     |  out|    1|      ap_vld|           roundKeys_out|       pointer|
|roundKeys_1_out          |  out|    8|      ap_vld|         roundKeys_1_out|       pointer|
|roundKeys_1_out_ap_vld   |  out|    1|      ap_vld|         roundKeys_1_out|       pointer|
|roundKeys_2_out          |  out|    8|      ap_vld|         roundKeys_2_out|       pointer|
|roundKeys_2_out_ap_vld   |  out|    1|      ap_vld|         roundKeys_2_out|       pointer|
|roundKeys_3_out          |  out|    8|      ap_vld|         roundKeys_3_out|       pointer|
|roundKeys_3_out_ap_vld   |  out|    1|      ap_vld|         roundKeys_3_out|       pointer|
|roundKeys_4_out          |  out|    8|      ap_vld|         roundKeys_4_out|       pointer|
|roundKeys_4_out_ap_vld   |  out|    1|      ap_vld|         roundKeys_4_out|       pointer|
|roundKeys_5_out          |  out|    8|      ap_vld|         roundKeys_5_out|       pointer|
|roundKeys_5_out_ap_vld   |  out|    1|      ap_vld|         roundKeys_5_out|       pointer|
|roundKeys_6_out          |  out|    8|      ap_vld|         roundKeys_6_out|       pointer|
|roundKeys_6_out_ap_vld   |  out|    1|      ap_vld|         roundKeys_6_out|       pointer|
|roundKeys_7_out          |  out|    8|      ap_vld|         roundKeys_7_out|       pointer|
|roundKeys_7_out_ap_vld   |  out|    1|      ap_vld|         roundKeys_7_out|       pointer|
|roundKeys_8_out          |  out|    8|      ap_vld|         roundKeys_8_out|       pointer|
|roundKeys_8_out_ap_vld   |  out|    1|      ap_vld|         roundKeys_8_out|       pointer|
|roundKeys_9_out          |  out|    8|      ap_vld|         roundKeys_9_out|       pointer|
|roundKeys_9_out_ap_vld   |  out|    1|      ap_vld|         roundKeys_9_out|       pointer|
|roundKeys_10_out         |  out|    8|      ap_vld|        roundKeys_10_out|       pointer|
|roundKeys_10_out_ap_vld  |  out|    1|      ap_vld|        roundKeys_10_out|       pointer|
|roundKeys_11_out         |  out|    8|      ap_vld|        roundKeys_11_out|       pointer|
|roundKeys_11_out_ap_vld  |  out|    1|      ap_vld|        roundKeys_11_out|       pointer|
|roundKeys_12_out         |  out|    8|      ap_vld|        roundKeys_12_out|       pointer|
|roundKeys_12_out_ap_vld  |  out|    1|      ap_vld|        roundKeys_12_out|       pointer|
|roundKeys_13_out         |  out|    8|      ap_vld|        roundKeys_13_out|       pointer|
|roundKeys_13_out_ap_vld  |  out|    1|      ap_vld|        roundKeys_13_out|       pointer|
|roundKeys_14_out         |  out|    8|      ap_vld|        roundKeys_14_out|       pointer|
|roundKeys_14_out_ap_vld  |  out|    1|      ap_vld|        roundKeys_14_out|       pointer|
|roundKeys_15_out         |  out|    8|      ap_vld|        roundKeys_15_out|       pointer|
|roundKeys_15_out_ap_vld  |  out|    1|      ap_vld|        roundKeys_15_out|       pointer|
|roundKeys_16_out         |  out|    8|      ap_vld|        roundKeys_16_out|       pointer|
|roundKeys_16_out_ap_vld  |  out|    1|      ap_vld|        roundKeys_16_out|       pointer|
|roundKeys_17_out         |  out|    8|      ap_vld|        roundKeys_17_out|       pointer|
|roundKeys_17_out_ap_vld  |  out|    1|      ap_vld|        roundKeys_17_out|       pointer|
|roundKeys_18_out         |  out|    8|      ap_vld|        roundKeys_18_out|       pointer|
|roundKeys_18_out_ap_vld  |  out|    1|      ap_vld|        roundKeys_18_out|       pointer|
|roundKeys_19_out         |  out|    8|      ap_vld|        roundKeys_19_out|       pointer|
|roundKeys_19_out_ap_vld  |  out|    1|      ap_vld|        roundKeys_19_out|       pointer|
|roundKeys_20_out         |  out|    8|      ap_vld|        roundKeys_20_out|       pointer|
|roundKeys_20_out_ap_vld  |  out|    1|      ap_vld|        roundKeys_20_out|       pointer|
|roundKeys_21_out         |  out|    8|      ap_vld|        roundKeys_21_out|       pointer|
|roundKeys_21_out_ap_vld  |  out|    1|      ap_vld|        roundKeys_21_out|       pointer|
|roundKeys_22_out         |  out|    8|      ap_vld|        roundKeys_22_out|       pointer|
|roundKeys_22_out_ap_vld  |  out|    1|      ap_vld|        roundKeys_22_out|       pointer|
|roundKeys_23_out         |  out|    8|      ap_vld|        roundKeys_23_out|       pointer|
|roundKeys_23_out_ap_vld  |  out|    1|      ap_vld|        roundKeys_23_out|       pointer|
|roundKeys_24_out         |  out|    8|      ap_vld|        roundKeys_24_out|       pointer|
|roundKeys_24_out_ap_vld  |  out|    1|      ap_vld|        roundKeys_24_out|       pointer|
|roundKeys_25_out         |  out|    8|      ap_vld|        roundKeys_25_out|       pointer|
|roundKeys_25_out_ap_vld  |  out|    1|      ap_vld|        roundKeys_25_out|       pointer|
|roundKeys_26_out         |  out|    8|      ap_vld|        roundKeys_26_out|       pointer|
|roundKeys_26_out_ap_vld  |  out|    1|      ap_vld|        roundKeys_26_out|       pointer|
|roundKeys_27_out         |  out|    8|      ap_vld|        roundKeys_27_out|       pointer|
|roundKeys_27_out_ap_vld  |  out|    1|      ap_vld|        roundKeys_27_out|       pointer|
|roundKeys_28_out         |  out|    8|      ap_vld|        roundKeys_28_out|       pointer|
|roundKeys_28_out_ap_vld  |  out|    1|      ap_vld|        roundKeys_28_out|       pointer|
|roundKeys_29_out         |  out|    8|      ap_vld|        roundKeys_29_out|       pointer|
|roundKeys_29_out_ap_vld  |  out|    1|      ap_vld|        roundKeys_29_out|       pointer|
|roundKeys_30_out         |  out|    8|      ap_vld|        roundKeys_30_out|       pointer|
|roundKeys_30_out_ap_vld  |  out|    1|      ap_vld|        roundKeys_30_out|       pointer|
|roundKeys_31_out         |  out|    8|      ap_vld|        roundKeys_31_out|       pointer|
|roundKeys_31_out_ap_vld  |  out|    1|      ap_vld|        roundKeys_31_out|       pointer|
+-------------------------+-----+-----+------------+------------------------+--------------+

