

================================================================
== Vitis HLS Report for 'aes_encrypt_Pipeline_3'
================================================================
* Date:           Tue Aug 11 14:22:24 2026

* Version:        2025.2 (Build 6295257 on Nov 14 2025)
* Project:        key_expanded
* Solution:       hls (Vitis Kernel Flow Target)
* Product family: zynquplus
* Target device:  xck26-sfvc784-2LV-c


================================================================
== Performance Estimates
================================================================
+ Timing: 
    * Summary: 
    +--------+----------+----------+------------+
    |  Clock |  Target  | Estimated| Uncertainty|
    +--------+----------+----------+------------+
    |ap_clk  |  10.00 ns|  1.216 ns|     2.70 ns|
    +--------+----------+----------+------------+

+ Latency: 
    * Summary: 
    +---------+---------+----------+----------+-----+-----+-------------------+
    |  Latency (cycles) |  Latency (absolute) |  Interval |      Pipeline     |
    |   min   |   max   |    min   |    max   | min | max |        Type       |
    +---------+---------+----------+----------+-----+-----+-------------------+
    |       18|       18|  0.180 us|  0.180 us|    0|    0|  loop pipeline stp|
    +---------+---------+----------+----------+-----+-----+-------------------+

    + Detail: 
        * Instance: 
        N/A

        * Loop: 
        +----------+---------+---------+----------+-----------+-----------+------+----------+
        |          |  Latency (cycles) | Iteration|  Initiation Interval  | Trip |          |
        | Loop Name|   min   |   max   |  Latency |  achieved |   target  | Count| Pipelined|
        +----------+---------+---------+----------+-----------+-----------+------+----------+
        |- Loop 1  |       16|       16|         1|          1|          1|    16|       yes|
        +----------+---------+---------+----------+-----------+-----------+------+----------+



================================================================
== Utilization Estimates
================================================================
* Summary: 
+-----------------+---------+------+--------+--------+-----+
|       Name      | BRAM_18K|  DSP |   FF   |   LUT  | URAM|
+-----------------+---------+------+--------+--------+-----+
|DSP              |        -|     -|       -|       -|    -|
|Expression       |        -|     -|       0|      27|    -|
|FIFO             |        -|     -|       -|       -|    -|
|Instance         |        -|     -|       0|      65|    -|
|Memory           |        -|     -|       -|       -|    -|
|Multiplexer      |        -|     -|       0|      36|    -|
|Register         |        -|     -|     136|       -|    -|
+-----------------+---------+------+--------+--------+-----+
|Total            |        0|     0|     136|     128|    0|
+-----------------+---------+------+--------+--------+-----+
|Available        |      288|  1248|  234240|  117120|   64|
+-----------------+---------+------+--------+--------+-----+
|Utilization (%)  |        0|     0|      ~0|      ~0|    0|
+-----------------+---------+------+--------+--------+-----+

+ Detail: 
    * Instance: 
    +---------------------------+----------------------+---------+----+---+----+-----+
    |          Instance         |        Module        | BRAM_18K| DSP| FF| LUT| URAM|
    +---------------------------+----------------------+---------+----+---+----+-----+
    |sparsemux_33_4_8_1_1_U718  |sparsemux_33_4_8_1_1  |        0|   0|  0|  65|    0|
    +---------------------------+----------------------+---------+----+---+----+-----+
    |Total                      |                      |        0|   0|  0|  65|    0|
    +---------------------------+----------------------+---------+----+---+----+-----+

    * DSP: 
    N/A

    * Memory: 
    N/A

    * FIFO: 
    N/A

    * Expression: 
    +--------------------------+----------+----+---+----+------------+------------+
    |       Variable Name      | Operation| DSP| FF| LUT| Bitwidth P0| Bitwidth P1|
    +--------------------------+----------+----+---+----+------------+------------+
    |empty_fu_234_p2           |         +|   0|  0|  12|           5|           1|
    |exitcond776138_fu_228_p2  |      icmp|   0|  0|  13|           5|           6|
    |ap_enable_pp0             |       xor|   0|  0|   2|           1|           2|
    +--------------------------+----------+----+---+----+------------+------------+
    |Total                     |          |   0|  0|  27|          11|           9|
    +--------------------------+----------+----+---+----+------------+------------+

    * Multiplexer: 
    +-------------------------+----+-----------+-----+-----------+
    |           Name          | LUT| Input Size| Bits| Total Bits|
    +-------------------------+----+-----------+-----+-----------+
    |ap_done_int              |   9|          2|    1|          2|
    |ap_enable_reg_pp0_iter1  |   9|          2|    1|          2|
    |loop_index_0_fu_108      |   9|          2|    5|         10|
    |shiftreg1337_fu_104      |   9|          2|  128|        256|
    +-------------------------+----+-----------+-----+-----------+
    |Total                    |  36|          8|  135|        270|
    +-------------------------+----+-----------+-----+-----------+

    * Register: 
    +-------------------------+-----+----+-----+-----------+
    |           Name          |  FF | LUT| Bits| Const Bits|
    +-------------------------+-----+----+-----+-----------+
    |ap_CS_fsm                |    1|   0|    1|          0|
    |ap_done_reg              |    1|   0|    1|          0|
    |ap_enable_reg_pp0_iter1  |    1|   0|    1|          0|
    |loop_index_0_fu_108      |    5|   0|    5|          0|
    |shiftreg1337_fu_104      |  128|   0|  128|          0|
    +-------------------------+-----+----+-----+-----------+
    |Total                    |  136|   0|  136|          0|
    +-------------------------+-----+----+-----+-----------+



================================================================
== Interface
================================================================
* Summary: 
+-------------------------+-----+-----+------------+------------------------+--------------+
|        RTL Ports        | Dir | Bits|  Protocol  |      Source Object     |    C Type    |
+-------------------------+-----+-----+------------+------------------------+--------------+
|ap_clk                   |   in|    1|  ap_ctrl_hs|  aes_encrypt_Pipeline_3|  return value|
|ap_rst                   |   in|    1|  ap_ctrl_hs|  aes_encrypt_Pipeline_3|  return value|
|ap_start                 |   in|    1|  ap_ctrl_hs|  aes_encrypt_Pipeline_3|  return value|
|ap_done                  |  out|    1|  ap_ctrl_hs|  aes_encrypt_Pipeline_3|  return value|
|ap_idle                  |  out|    1|  ap_ctrl_hs|  aes_encrypt_Pipeline_3|  return value|
|ap_ready                 |  out|    1|  ap_ctrl_hs|  aes_encrypt_Pipeline_3|  return value|
|state_128                |   in|    8|     ap_none|               state_128|        scalar|
|state_132                |   in|    8|     ap_none|               state_132|        scalar|
|state_136                |   in|    8|     ap_none|               state_136|        scalar|
|state_140                |   in|    8|     ap_none|               state_140|        scalar|
|state_129                |   in|    8|     ap_none|               state_129|        scalar|
|state_133                |   in|    8|     ap_none|               state_133|        scalar|
|state_137                |   in|    8|     ap_none|               state_137|        scalar|
|state_141                |   in|    8|     ap_none|               state_141|        scalar|
|state_130                |   in|    8|     ap_none|               state_130|        scalar|
|state_134                |   in|    8|     ap_none|               state_134|        scalar|
|state_138                |   in|    8|     ap_none|               state_138|        scalar|
|state_142                |   in|    8|     ap_none|               state_142|        scalar|
|state_131                |   in|    8|     ap_none|               state_131|        scalar|
|state_135                |   in|    8|     ap_none|               state_135|        scalar|
|state_139                |   in|    8|     ap_none|               state_139|        scalar|
|state_143                |   in|    8|     ap_none|               state_143|        scalar|
|shiftreg1337_out         |  out|  128|      ap_vld|        shiftreg1337_out|       pointer|
|shiftreg1337_out_ap_vld  |  out|    1|      ap_vld|        shiftreg1337_out|       pointer|
+-------------------------+-----+-----+------------+------------------------+--------------+

