

================================================================
== Vitis HLS Report for 'galois3'
================================================================
* Date:           Tue Aug 11 14:22:21 2026

* Version:        2025.2 (Build 6295257 on Nov 14 2025)
* Project:        key_expanded
* Solution:       hls (Vitis Kernel Flow Target)
* Product family: zynquplus
* Target device:  xck26-sfvc784-2LV-c


================================================================
== Performance Estimates
================================================================
+ Timing: 
    * Summary: 
    +--------+----------+----------+------------+
    |  Clock |  Target  | Estimated| Uncertainty|
    +--------+----------+----------+------------+
    |ap_clk  |  10.00 ns|  1.313 ns|     2.70 ns|
    +--------+----------+----------+------------+

+ Latency: 
    * Summary: 
    +---------+---------+----------+----------+-----+-----+---------+
    |  Latency (cycles) |  Latency (absolute) |  Interval | Pipeline|
    |   min   |   max   |    min   |    max   | min | max |   Type  |
    +---------+---------+----------+----------+-----+-----+---------+
    |        0|        0|      0 ns|      0 ns|    1|    1|      yes|
    +---------+---------+----------+----------+-----+-----+---------+

    + Detail: 
        * Instance: 
        N/A

        * Loop: 
        N/A



================================================================
== Utilization Estimates
================================================================
* Summary: 
+-----------------+---------+------+--------+--------+-----+
|       Name      | BRAM_18K|  DSP |   FF   |   LUT  | URAM|
+-----------------+---------+------+--------+--------+-----+
|DSP              |        -|     -|       -|       -|    -|
|Expression       |        -|     -|       0|      25|    -|
|FIFO             |        -|     -|       -|       -|    -|
|Instance         |        -|     -|       -|       -|    -|
|Memory           |        -|     -|       -|       -|    -|
|Multiplexer      |        -|     -|       0|      98|    -|
|Register         |        -|     -|       -|       -|    -|
+-----------------+---------+------+--------+--------+-----+
|Total            |        0|     0|       0|     123|    0|
+-----------------+---------+------+--------+--------+-----+
|Available        |      288|  1248|  234240|  117120|   64|
+-----------------+---------+------+--------+--------+-----+
|Utilization (%)  |        0|     0|       0|      ~0|    0|
+-----------------+---------+------+--------+--------+-----+

+ Detail: 
    * Instance: 
    N/A

    * DSP: 
    N/A

    * Memory: 
    N/A

    * FIFO: 
    N/A

    * Expression: 
    +------------------------+----------+----+---+----+------------+------------+
    |      Variable Name     | Operation| DSP| FF| LUT| Bitwidth P0| Bitwidth P1|
    +------------------------+----------+----+---+----+------------+------------+
    |add_ln6222_fu_4217_p2   |         +|   0|  0|  16|           9|           8|
    |icmp_ln6222_fu_4233_p2  |      icmp|   0|  0|   9|           2|           1|
    +------------------------+----------+----+---+----+------------+------------+
    |Total                   |          |   0|  0|  25|          11|           9|
    +------------------------+----------+----+---+----+------------+------------+

    * Multiplexer: 
    +-------------------------------------+----+-----------+-----+-----------+
    |                 Name                | LUT| Input Size| Bits| Total Bits|
    +-------------------------------------+----+-----------+-----+-----------+
    |ap_phi_mux_empty_37_phi_fu_563_p4    |  14|          3|    1|          3|
    |ap_phi_mux_empty_38_phi_fu_574_p4    |  14|          3|    1|          3|
    |ap_phi_mux_empty_39_phi_fu_585_p4    |  14|          3|    1|          3|
    |ap_phi_mux_empty_40_phi_fu_596_p4    |  14|          3|    1|          3|
    |ap_phi_mux_empty_41_phi_fu_607_p4    |  14|          3|    1|          3|
    |ap_phi_mux_empty_phi_fu_552_p4       |  14|          3|    1|          3|
    |ap_phi_mux_storemerge_phi_fu_541_p4  |  14|          3|    1|          3|
    +-------------------------------------+----+-----------+-----+-----------+
    |Total                                |  98|         21|    7|         21|
    +-------------------------------------+----+-----------+-----+-----------+

    * Register: 
    N/A



================================================================
== Interface
================================================================
* Summary: 
+-----------+-----+-----+------------+--------------+--------------+
| RTL Ports | Dir | Bits|  Protocol  | Source Object|    C Type    |
+-----------+-----+-----+------------+--------------+--------------+
|ap_ready   |  out|    1|  ap_ctrl_hs|       galois3|  return value|
|ap_return  |  out|    8|  ap_ctrl_hs|       galois3|  return value|
|ap_rst     |   in|    1|  ap_ctrl_hs|       galois3|  return value|
|input_r    |   in|    8|     ap_none|       input_r|        scalar|
+-----------+-----+-----+------------+--------------+--------------+

