

================================================================
== Vitis HLS Report for 'sbox'
================================================================
* Date:           Tue Aug 11 14:22:16 2026

* Version:        2025.2 (Build 6295257 on Nov 14 2025)
* Project:        key_expanded
* Solution:       hls (Vitis Kernel Flow Target)
* Product family: zynquplus
* Target device:  xck26-sfvc784-2LV-c


================================================================
== Performance Estimates
================================================================
+ Timing: 
    * Summary: 
    +--------+----------+----------+------------+
    |  Clock |  Target  | Estimated| Uncertainty|
    +--------+----------+----------+------------+
    |ap_clk  |  10.00 ns|  1.192 ns|     2.70 ns|
    +--------+----------+----------+------------+

+ Latency: 
    * Summary: 
    +---------+---------+----------+----------+-----+-----+---------+
    |  Latency (cycles) |  Latency (absolute) |  Interval | Pipeline|
    |   min   |   max   |    min   |    max   | min | max |   Type  |
    +---------+---------+----------+----------+-----+-----+---------+
    |        0|        0|      0 ns|      0 ns|    1|    1|      yes|
    +---------+---------+----------+----------+-----+-----+---------+

    + Detail: 
        * Instance: 
        N/A

        * Loop: 
        N/A



================================================================
== Utilization Estimates
================================================================
* Summary: 
+-----------------+---------+------+--------+--------+-----+
|       Name      | BRAM_18K|  DSP |   FF   |   LUT  | URAM|
+-----------------+---------+------+--------+--------+-----+
|DSP              |        -|     -|       -|       -|    -|
|Expression       |        -|     -|       -|       -|    -|
|FIFO             |        -|     -|       -|       -|    -|
|Instance         |        -|     -|       -|       -|    -|
|Memory           |        -|     -|       -|       -|    -|
|Multiplexer      |        -|     -|       0|     112|    -|
|Register         |        -|     -|       -|       -|    -|
+-----------------+---------+------+--------+--------+-----+
|Total            |        0|     0|       0|     112|    0|
+-----------------+---------+------+--------+--------+-----+
|Available        |      288|  1248|  234240|  117120|   64|
+-----------------+---------+------+--------+--------+-----+
|Utilization (%)  |        0|     0|       0|      ~0|    0|
+-----------------+---------+------+--------+--------+-----+

+ Detail: 
    * Instance: 
    N/A

    * DSP: 
    N/A

    * Memory: 
    N/A

    * FIFO: 
    N/A

    * Expression: 
    N/A

    * Multiplexer: 
    +-------------------------------------+----+-----------+-----+-----------+
    |                 Name                | LUT| Input Size| Bits| Total Bits|
    +-------------------------------------+----+-----------+-----+-----------+
    |ap_phi_mux_empty_31_phi_fu_553_p4    |  14|          3|    1|          3|
    |ap_phi_mux_empty_32_phi_fu_564_p4    |  14|          3|    1|          3|
    |ap_phi_mux_empty_33_phi_fu_575_p4    |  14|          3|    1|          3|
    |ap_phi_mux_empty_34_phi_fu_586_p4    |  14|          3|    1|          3|
    |ap_phi_mux_empty_35_phi_fu_597_p4    |  14|          3|    1|          3|
    |ap_phi_mux_empty_36_phi_fu_608_p4    |  14|          3|    1|          3|
    |ap_phi_mux_empty_phi_fu_542_p4       |  14|          3|    1|          3|
    |ap_phi_mux_storemerge_phi_fu_531_p4  |  14|          3|    1|          3|
    +-------------------------------------+----+-----------+-----+-----------+
    |Total                                | 112|         24|    8|         24|
    +-------------------------------------+----+-----------+-----+-----------+

    * Register: 
    N/A



================================================================
== Interface
================================================================
* Summary: 
+-----------+-----+-----+------------+--------------+--------------+
| RTL Ports | Dir | Bits|  Protocol  | Source Object|    C Type    |
+-----------+-----+-----+------------+--------------+--------------+
|ap_ready   |  out|    1|  ap_ctrl_hs|          sbox|  return value|
|ap_return  |  out|    8|  ap_ctrl_hs|          sbox|  return value|
|ap_rst     |   in|    1|  ap_ctrl_hs|          sbox|  return value|
|input_r    |   in|    8|     ap_none|       input_r|        scalar|
+-----------+-----+-----+------------+--------------+--------------+

