

================================================================
== Vitis HLS Report for 'shift_rows_and_sub_bytes'
================================================================
* Date:           Tue Aug 11 14:22:21 2026

* Version:        2025.2 (Build 6295257 on Nov 14 2025)
* Project:        key_expanded
* Solution:       hls (Vitis Kernel Flow Target)
* Product family: zynquplus
* Target device:  xck26-sfvc784-2LV-c


================================================================
== Performance Estimates
================================================================
+ Timing: 
    * Summary: 
    +--------+----------+----------+------------+
    |  Clock |  Target  | Estimated| Uncertainty|
    +--------+----------+----------+------------+
    |ap_clk  |  10.00 ns|  1.192 ns|     2.70 ns|
    +--------+----------+----------+------------+

+ Latency: 
    * Summary: 
    +---------+---------+----------+----------+-----+-----+---------+
    |  Latency (cycles) |  Latency (absolute) |  Interval | Pipeline|
    |   min   |   max   |    min   |    max   | min | max |   Type  |
    +---------+---------+----------+----------+-----+-----+---------+
    |        0|        0|      0 ns|      0 ns|    1|    1|      yes|
    +---------+---------+----------+----------+-----+-----+---------+

    + Detail: 
        * Instance: 
        +-----------------------+-------+---------+---------+----------+----------+-----+-----+---------+
        |                       |       |  Latency (cycles) |  Latency (absolute) |  Interval | Pipeline|
        |        Instance       | Module|   min   |   max   |    min   |    max   | min | max |   Type  |
        +-----------------------+-------+---------+---------+----------+----------+-----+-----+---------+
        |state_0_0_sbox_fu_134  |sbox   |        0|        0|      0 ns|      0 ns|    1|    1|      yes|
        |state_0_1_sbox_fu_140  |sbox   |        0|        0|      0 ns|      0 ns|    1|    1|      yes|
        |state_0_2_sbox_fu_146  |sbox   |        0|        0|      0 ns|      0 ns|    1|    1|      yes|
        |state_0_3_sbox_fu_152  |sbox   |        0|        0|      0 ns|      0 ns|    1|    1|      yes|
        |state_1_3_sbox_fu_158  |sbox   |        0|        0|      0 ns|      0 ns|    1|    1|      yes|
        |state_1_0_sbox_fu_164  |sbox   |        0|        0|      0 ns|      0 ns|    1|    1|      yes|
        |state_1_1_sbox_fu_170  |sbox   |        0|        0|      0 ns|      0 ns|    1|    1|      yes|
        |state_1_2_sbox_fu_176  |sbox   |        0|        0|      0 ns|      0 ns|    1|    1|      yes|
        |temp2_sbox_fu_182      |sbox   |        0|        0|      0 ns|      0 ns|    1|    1|      yes|
        |state_2_0_sbox_fu_188  |sbox   |        0|        0|      0 ns|      0 ns|    1|    1|      yes|
        |temp3_sbox_fu_194      |sbox   |        0|        0|      0 ns|      0 ns|    1|    1|      yes|
        |state_2_1_sbox_fu_200  |sbox   |        0|        0|      0 ns|      0 ns|    1|    1|      yes|
        |temp4_sbox_fu_206      |sbox   |        0|        0|      0 ns|      0 ns|    1|    1|      yes|
        |state_3_0_sbox_fu_212  |sbox   |        0|        0|      0 ns|      0 ns|    1|    1|      yes|
        |ref_tmp_sbox_fu_218    |sbox   |        0|        0|      0 ns|      0 ns|    1|    1|      yes|
        |state_3_2_sbox_fu_224  |sbox   |        0|        0|      0 ns|      0 ns|    1|    1|      yes|
        +-----------------------+-------+---------+---------+----------+----------+-----+-----+---------+

        * Loop: 
        N/A



================================================================
== Utilization Estimates
================================================================
* Summary: 
+-----------------+---------+------+--------+--------+-----+
|       Name      | BRAM_18K|  DSP |   FF   |   LUT  | URAM|
+-----------------+---------+------+--------+--------+-----+
|DSP              |        -|     -|       -|       -|    -|
|Expression       |        -|     -|       -|       -|    -|
|FIFO             |        -|     -|       -|       -|    -|
|Instance         |        -|     -|       0|    1792|    -|
|Memory           |        -|     -|       -|       -|    -|
|Multiplexer      |        -|     -|       -|       -|    -|
|Register         |        -|     -|       -|       -|    -|
+-----------------+---------+------+--------+--------+-----+
|Total            |        0|     0|       0|    1792|    0|
+-----------------+---------+------+--------+--------+-----+
|Available        |      288|  1248|  234240|  117120|   64|
+-----------------+---------+------+--------+--------+-----+
|Utilization (%)  |        0|     0|       0|       1|    0|
+-----------------+---------+------+--------+--------+-----+

+ Detail: 
    * Instance: 
    +-----------------------+-------+---------+----+---+-----+-----+
    |        Instance       | Module| BRAM_18K| DSP| FF| LUT | URAM|
    +-----------------------+-------+---------+----+---+-----+-----+
    |state_0_0_sbox_fu_134  |sbox   |        0|   0|  0|  112|    0|
    |state_0_1_sbox_fu_140  |sbox   |        0|   0|  0|  112|    0|
    |state_0_2_sbox_fu_146  |sbox   |        0|   0|  0|  112|    0|
    |state_0_3_sbox_fu_152  |sbox   |        0|   0|  0|  112|    0|
    |state_1_3_sbox_fu_158  |sbox   |        0|   0|  0|  112|    0|
    |state_1_0_sbox_fu_164  |sbox   |        0|   0|  0|  112|    0|
    |state_1_1_sbox_fu_170  |sbox   |        0|   0|  0|  112|    0|
    |state_1_2_sbox_fu_176  |sbox   |        0|   0|  0|  112|    0|
    |temp2_sbox_fu_182      |sbox   |        0|   0|  0|  112|    0|
    |state_2_0_sbox_fu_188  |sbox   |        0|   0|  0|  112|    0|
    |temp3_sbox_fu_194      |sbox   |        0|   0|  0|  112|    0|
    |state_2_1_sbox_fu_200  |sbox   |        0|   0|  0|  112|    0|
    |temp4_sbox_fu_206      |sbox   |        0|   0|  0|  112|    0|
    |state_3_0_sbox_fu_212  |sbox   |        0|   0|  0|  112|    0|
    |ref_tmp_sbox_fu_218    |sbox   |        0|   0|  0|  112|    0|
    |state_3_2_sbox_fu_224  |sbox   |        0|   0|  0|  112|    0|
    +-----------------------+-------+---------+----+---+-----+-----+
    |Total                  |       |        0|   0|  0| 1792|    0|
    +-----------------------+-------+---------+----+---+-----+-----+

    * DSP: 
    N/A

    * Memory: 
    N/A

    * FIFO: 
    N/A

    * Expression: 
    N/A

    * Multiplexer: 
    N/A

    * Register: 
    N/A



================================================================
== Interface
================================================================
* Summary: 
+----------------+-----+-----+------------+--------------------------+--------------+
|    RTL Ports   | Dir | Bits|  Protocol  |       Source Object      |    C Type    |
+----------------+-----+-----+------------+--------------------------+--------------+
|ap_ready        |  out|    1|  ap_ctrl_hs|  shift_rows_and_sub_bytes|  return value|
|ap_return_0     |  out|    8|  ap_ctrl_hs|  shift_rows_and_sub_bytes|  return value|
|ap_return_1     |  out|    8|  ap_ctrl_hs|  shift_rows_and_sub_bytes|  return value|
|ap_return_2     |  out|    8|  ap_ctrl_hs|  shift_rows_and_sub_bytes|  return value|
|ap_return_3     |  out|    8|  ap_ctrl_hs|  shift_rows_and_sub_bytes|  return value|
|ap_return_4     |  out|    8|  ap_ctrl_hs|  shift_rows_and_sub_bytes|  return value|
|ap_return_5     |  out|    8|  ap_ctrl_hs|  shift_rows_and_sub_bytes|  return value|
|ap_return_6     |  out|    8|  ap_ctrl_hs|  shift_rows_and_sub_bytes|  return value|
|ap_return_7     |  out|    8|  ap_ctrl_hs|  shift_rows_and_sub_bytes|  return value|
|ap_return_8     |  out|    8|  ap_ctrl_hs|  shift_rows_and_sub_bytes|  return value|
|ap_return_9     |  out|    8|  ap_ctrl_hs|  shift_rows_and_sub_bytes|  return value|
|ap_return_10    |  out|    8|  ap_ctrl_hs|  shift_rows_and_sub_bytes|  return value|
|ap_return_11    |  out|    8|  ap_ctrl_hs|  shift_rows_and_sub_bytes|  return value|
|ap_return_12    |  out|    8|  ap_ctrl_hs|  shift_rows_and_sub_bytes|  return value|
|ap_return_13    |  out|    8|  ap_ctrl_hs|  shift_rows_and_sub_bytes|  return value|
|ap_return_14    |  out|    8|  ap_ctrl_hs|  shift_rows_and_sub_bytes|  return value|
|ap_return_15    |  out|    8|  ap_ctrl_hs|  shift_rows_and_sub_bytes|  return value|
|ap_rst          |   in|    1|  ap_ctrl_hs|  shift_rows_and_sub_bytes|  return value|
|state_0_0_read  |   in|    8|     ap_none|            state_0_0_read|        scalar|
|state_0_1_read  |   in|    8|     ap_none|            state_0_1_read|        scalar|
|state_0_2_read  |   in|    8|     ap_none|            state_0_2_read|        scalar|
|state_0_3_read  |   in|    8|     ap_none|            state_0_3_read|        scalar|
|state_1_0_read  |   in|    8|     ap_none|            state_1_0_read|        scalar|
|state_1_1_read  |   in|    8|     ap_none|            state_1_1_read|        scalar|
|state_1_2_read  |   in|    8|     ap_none|            state_1_2_read|        scalar|
|state_1_3_read  |   in|    8|     ap_none|            state_1_3_read|        scalar|
|state_2_0_read  |   in|    8|     ap_none|            state_2_0_read|        scalar|
|state_2_1_read  |   in|    8|     ap_none|            state_2_1_read|        scalar|
|state_2_2_read  |   in|    8|     ap_none|            state_2_2_read|        scalar|
|state_2_3_read  |   in|    8|     ap_none|            state_2_3_read|        scalar|
|state_3_0_read  |   in|    8|     ap_none|            state_3_0_read|        scalar|
|state_3_1_read  |   in|    8|     ap_none|            state_3_1_read|        scalar|
|state_3_2_read  |   in|    8|     ap_none|            state_3_2_read|        scalar|
|state_3_3_read  |   in|    8|     ap_none|            state_3_3_read|        scalar|
+----------------+-----+-----+------------+--------------------------+--------------+

